// Jest Snapshot v1, https://goo.gl/fbAQLP

exports[`Spinner should render Spinner component when loading 1`] = `
<Dimmer
  active={true}
  inverted={true}
>
  <Loader
    active={true}
    size="large"
  >
    Loading
  </Loader>
</Dimmer>
`;

exports[`Spinner should render Spinner component when not loading 1`] = `""`;
